Analysis & Synthesis report for Datapath_pipelining
Wed May 31 00:03:29 2023
Quartus II 64-Bit Version 13.0.1 Build 232 06/12/2013 Service Pack 1 SJ Web Edition


---------------------
; Table of Contents ;
---------------------
  1. Legal Notice
  2. Analysis & Synthesis Summary
  3. Analysis & Synthesis Settings
  4. Parallel Compilation
  5. Analysis & Synthesis Source Files Read
  6. Analysis & Synthesis Resource Usage Summary
  7. Analysis & Synthesis Resource Utilization by Entity
  8. Registers Removed During Synthesis
  9. General Register Statistics
 10. Multiplexer Restructuring Statistics (Restructuring Performed)
 11. Elapsed Time Per Partition
 12. Analysis & Synthesis Messages



----------------
; Legal Notice ;
----------------
Copyright (C) 1991-2013 Altera Corporation
Your use of Altera Corporation's design tools, logic functions 
and other software and tools, and its AMPP partner logic 
functions, and any output files from any of the foregoing 
(including device programming or simulation files), and any 
associated documentation or information are expressly subject 
to the terms and conditions of the Altera Program License 
Subscription Agreement, Altera MegaCore Function License 
Agreement, or other applicable license agreement, including, 
without limitation, that your use is for the sole purpose of 
programming logic devices manufactured by Altera and sold by 
Altera or its authorized distributors.  Please refer to the 
applicable agreement for further details.



+--------------------------------------------------------------------------------------+
; Analysis & Synthesis Summary                                                         ;
+------------------------------------+-------------------------------------------------+
; Analysis & Synthesis Status        ; Successful - Wed May 31 00:03:29 2023           ;
; Quartus II 64-Bit Version          ; 13.0.1 Build 232 06/12/2013 SP 1 SJ Web Edition ;
; Revision Name                      ; Datapath_pipelining                             ;
; Top-level Entity Name              ; Datapath_pipelining                             ;
; Family                             ; Cyclone II                                      ;
; Total logic elements               ; 170                                             ;
;     Total combinational functions  ; 146                                             ;
;     Dedicated logic registers      ; 95                                              ;
; Total registers                    ; 95                                              ;
; Total pins                         ; 27                                              ;
; Total virtual pins                 ; 0                                               ;
; Total memory bits                  ; 0                                               ;
; Embedded Multiplier 9-bit elements ; 0                                               ;
; Total PLLs                         ; 0                                               ;
+------------------------------------+-------------------------------------------------+


+------------------------------------------------------------------------------------------------------------------------+
; Analysis & Synthesis Settings                                                                                          ;
+----------------------------------------------------------------------------+---------------------+---------------------+
; Option                                                                     ; Setting             ; Default Value       ;
+----------------------------------------------------------------------------+---------------------+---------------------+
; Device                                                                     ; EP2C35F672C6        ;                     ;
; Top-level entity name                                                      ; Datapath_pipelining ; Datapath_pipelining ;
; Family name                                                                ; Cyclone II          ; Cyclone IV GX       ;
; Use smart compilation                                                      ; Off                 ; Off                 ;
; Enable parallel Assembler and TimeQuest Timing Analyzer during compilation ; On                  ; On                  ;
; Enable compact report table                                                ; Off                 ; Off                 ;
; Restructure Multiplexers                                                   ; Auto                ; Auto                ;
; Create Debugging Nodes for IP Cores                                        ; Off                 ; Off                 ;
; Preserve fewer node names                                                  ; On                  ; On                  ;
; Disable OpenCore Plus hardware evaluation                                  ; Off                 ; Off                 ;
; Verilog Version                                                            ; Verilog_2001        ; Verilog_2001        ;
; VHDL Version                                                               ; VHDL_1993           ; VHDL_1993           ;
; State Machine Processing                                                   ; Auto                ; Auto                ;
; Safe State Machine                                                         ; Off                 ; Off                 ;
; Extract Verilog State Machines                                             ; On                  ; On                  ;
; Extract VHDL State Machines                                                ; On                  ; On                  ;
; Ignore Verilog initial constructs                                          ; Off                 ; Off                 ;
; Iteration limit for constant Verilog loops                                 ; 5000                ; 5000                ;
; Iteration limit for non-constant Verilog loops                             ; 250                 ; 250                 ;
; Add Pass-Through Logic to Inferred RAMs                                    ; On                  ; On                  ;
; Infer RAMs from Raw Logic                                                  ; On                  ; On                  ;
; Parallel Synthesis                                                         ; On                  ; On                  ;
; DSP Block Balancing                                                        ; Auto                ; Auto                ;
; NOT Gate Push-Back                                                         ; On                  ; On                  ;
; Power-Up Don't Care                                                        ; On                  ; On                  ;
; Remove Redundant Logic Cells                                               ; Off                 ; Off                 ;
; Remove Duplicate Registers                                                 ; On                  ; On                  ;
; Ignore CARRY Buffers                                                       ; Off                 ; Off                 ;
; Ignore CASCADE Buffers                                                     ; Off                 ; Off                 ;
; Ignore GLOBAL Buffers                                                      ; Off                 ; Off                 ;
; Ignore ROW GLOBAL Buffers                                                  ; Off                 ; Off                 ;
; Ignore LCELL Buffers                                                       ; Off                 ; Off                 ;
; Ignore SOFT Buffers                                                        ; On                  ; On                  ;
; Limit AHDL Integers to 32 Bits                                             ; Off                 ; Off                 ;
; Optimization Technique                                                     ; Balanced            ; Balanced            ;
; Carry Chain Length                                                         ; 70                  ; 70                  ;
; Auto Carry Chains                                                          ; On                  ; On                  ;
; Auto Open-Drain Pins                                                       ; On                  ; On                  ;
; Perform WYSIWYG Primitive Resynthesis                                      ; Off                 ; Off                 ;
; Auto ROM Replacement                                                       ; On                  ; On                  ;
; Auto RAM Replacement                                                       ; On                  ; On                  ;
; Auto Shift Register Replacement                                            ; Auto                ; Auto                ;
; Allow Shift Register Merging across Hierarchies                            ; Auto                ; Auto                ;
; Auto Clock Enable Replacement                                              ; On                  ; On                  ;
; Strict RAM Replacement                                                     ; Off                 ; Off                 ;
; Allow Synchronous Control Signals                                          ; On                  ; On                  ;
; Force Use of Synchronous Clear Signals                                     ; Off                 ; Off                 ;
; Auto RAM to Logic Cell Conversion                                          ; Off                 ; Off                 ;
; Auto Resource Sharing                                                      ; Off                 ; Off                 ;
; Allow Any RAM Size For Recognition                                         ; Off                 ; Off                 ;
; Allow Any ROM Size For Recognition                                         ; Off                 ; Off                 ;
; Allow Any Shift Register Size For Recognition                              ; Off                 ; Off                 ;
; Use LogicLock Constraints during Resource Balancing                        ; On                  ; On                  ;
; Ignore translate_off and synthesis_off directives                          ; Off                 ; Off                 ;
; Timing-Driven Synthesis                                                    ; Off                 ; Off                 ;
; Report Parameter Settings                                                  ; On                  ; On                  ;
; Report Source Assignments                                                  ; On                  ; On                  ;
; Report Connectivity Checks                                                 ; On                  ; On                  ;
; Ignore Maximum Fan-Out Assignments                                         ; Off                 ; Off                 ;
; Synchronization Register Chain Length                                      ; 2                   ; 2                   ;
; PowerPlay Power Optimization                                               ; Normal compilation  ; Normal compilation  ;
; HDL message level                                                          ; Level2              ; Level2              ;
; Suppress Register Optimization Related Messages                            ; Off                 ; Off                 ;
; Number of Removed Registers Reported in Synthesis Report                   ; 5000                ; 5000                ;
; Number of Swept Nodes Reported in Synthesis Report                         ; 5000                ; 5000                ;
; Number of Inverted Registers Reported in Synthesis Report                  ; 100                 ; 100                 ;
; Clock MUX Protection                                                       ; On                  ; On                  ;
; Auto Gated Clock Conversion                                                ; Off                 ; Off                 ;
; Block Design Naming                                                        ; Auto                ; Auto                ;
; SDC constraint protection                                                  ; Off                 ; Off                 ;
; Synthesis Effort                                                           ; Auto                ; Auto                ;
; Shift Register Replacement - Allow Asynchronous Clear Signal               ; On                  ; On                  ;
; Pre-Mapping Resynthesis Optimization                                       ; Off                 ; Off                 ;
; Analysis & Synthesis Message Level                                         ; Medium              ; Medium              ;
; Disable Register Merging Across Hierarchies                                ; Auto                ; Auto                ;
; Resource Aware Inference For Block RAM                                     ; On                  ; On                  ;
; Synthesis Seed                                                             ; 1                   ; 1                   ;
+----------------------------------------------------------------------------+---------------------+---------------------+


Parallel compilation was disabled, but you have multiple processors available. Enable parallel compilation to reduce compilation time.
+-------------------------------------+
; Parallel Compilation                ;
+----------------------------+--------+
; Processors                 ; Number ;
+----------------------------+--------+
; Number detected on machine ; 8      ;
; Maximum allowed            ; 1      ;
+----------------------------+--------+


+----------------------------------------------------------------------------------------------------------------------------------------------------------------------+
; Analysis & Synthesis Source Files Read                                                                                                                               ;
+----------------------------------+-----------------+------------------------------------------+------------------------------------------------------------+---------+
; File Name with User-Entered Path ; Used in Netlist ; File Type                                ; File Name with Absolute Path                               ; Library ;
+----------------------------------+-----------------+------------------------------------------+------------------------------------------------------------+---------+
; Full_adder.bdf                   ; yes             ; User Block Diagram/Schematic File        ; D:/CE118/FUNCT-DATAPATH_PIPELINING/Full_adder.bdf          ;         ;
; MUX2-1.bdf                       ; yes             ; User Block Diagram/Schematic File        ; D:/CE118/FUNCT-DATAPATH_PIPELINING/MUX2-1.bdf              ;         ;
; MUX2-1_8bit.bdf                  ; yes             ; User Block Diagram/Schematic File        ; D:/CE118/FUNCT-DATAPATH_PIPELINING/MUX2-1_8bit.bdf         ;         ;
; Datapath.bdf                     ; yes             ; User Block Diagram/Schematic File        ; D:/CE118/FUNCT-DATAPATH_PIPELINING/Datapath.bdf            ;         ;
; Register_cell.bdf                ; yes             ; User Block Diagram/Schematic File        ; D:/CE118/FUNCT-DATAPATH_PIPELINING/Register_cell.bdf       ;         ;
; Register.bdf                     ; yes             ; User Block Diagram/Schematic File        ; D:/CE118/FUNCT-DATAPATH_PIPELINING/Register.bdf            ;         ;
; CONTROLLER.bdf                   ; yes             ; User Block Diagram/Schematic File        ; D:/CE118/FUNCT-DATAPATH_PIPELINING/CONTROLLER.bdf          ;         ;
; Shift_1.bdf                      ; yes             ; User Block Diagram/Schematic File        ; D:/CE118/FUNCT-DATAPATH_PIPELINING/Shift_1.bdf             ;         ;
; Shift_3.bdf                      ; yes             ; User Block Diagram/Schematic File        ; D:/CE118/FUNCT-DATAPATH_PIPELINING/Shift_3.bdf             ;         ;
; SUB_MODULE.bdf                   ; yes             ; User Block Diagram/Schematic File        ; D:/CE118/FUNCT-DATAPATH_PIPELINING/SUB_MODULE.bdf          ;         ;
; AU_1.bdf                         ; yes             ; User Block Diagram/Schematic File        ; D:/CE118/FUNCT-DATAPATH_PIPELINING/AU_1.bdf                ;         ;
; ADD_or_SUB_MODULE.bdf            ; yes             ; User Block Diagram/Schematic File        ; D:/CE118/FUNCT-DATAPATH_PIPELINING/ADD_or_SUB_MODULE.bdf   ;         ;
; AU_2.bdf                         ; yes             ; User Block Diagram/Schematic File        ; D:/CE118/FUNCT-DATAPATH_PIPELINING/AU_2.bdf                ;         ;
; NEXT_STA.bdf                     ; yes             ; User Block Diagram/Schematic File        ; D:/CE118/FUNCT-DATAPATH_PIPELINING/NEXT_STA.bdf            ;         ;
; OUTPUT_FUNCT.bdf                 ; yes             ; User Block Diagram/Schematic File        ; D:/CE118/FUNCT-DATAPATH_PIPELINING/OUTPUT_FUNCT.bdf        ;         ;
; Datapath_pipelining.bdf          ; yes             ; User Block Diagram/Schematic File        ; D:/CE118/FUNCT-DATAPATH_PIPELINING/Datapath_pipelining.bdf ;         ;
; reg.bdf                          ; yes             ; Auto-Found Block Diagram/Schematic File  ; D:/CE118/FUNCT-DATAPATH_PIPELINING/reg.bdf                 ;         ;
+----------------------------------+-----------------+------------------------------------------+------------------------------------------------------------+---------+


+-----------------------------------------------------+
; Analysis & Synthesis Resource Usage Summary         ;
+---------------------------------------------+-------+
; Resource                                    ; Usage ;
+---------------------------------------------+-------+
; Estimated Total logic elements              ; 170   ;
;                                             ;       ;
; Total combinational functions               ; 146   ;
; Logic element usage by number of LUT inputs ;       ;
;     -- 4 input functions                    ; 84    ;
;     -- 3 input functions                    ; 52    ;
;     -- <=2 input functions                  ; 10    ;
;                                             ;       ;
; Logic elements by mode                      ;       ;
;     -- normal mode                          ; 146   ;
;     -- arithmetic mode                      ; 0     ;
;                                             ;       ;
; Total registers                             ; 95    ;
;     -- Dedicated logic registers            ; 95    ;
;     -- I/O registers                        ; 0     ;
;                                             ;       ;
; I/O pins                                    ; 27    ;
; Embedded Multiplier 9-bit elements          ; 0     ;
; Maximum fan-out node                        ; CLK   ;
; Maximum fan-out                             ; 95    ;
; Total fan-out                               ; 775   ;
; Average fan-out                             ; 2.89  ;
+---------------------------------------------+-------+


+------------------------------------------------------------------------------------------------------------------------------------------------------------------------------------------------------------------------------------------------------+
; Analysis & Synthesis Resource Utilization by Entity                                                                                                                                                                                                  ;
+-----------------------------------+-------------------+--------------+-------------+--------------+---------+-----------+------+--------------+---------------------------------------------------------------------------------------+--------------+
; Compilation Hierarchy Node        ; LC Combinationals ; LC Registers ; Memory Bits ; DSP Elements ; DSP 9x9 ; DSP 18x18 ; Pins ; Virtual Pins ; Full Hierarchy Name                                                                   ; Library Name ;
+-----------------------------------+-------------------+--------------+-------------+--------------+---------+-----------+------+--------------+---------------------------------------------------------------------------------------+--------------+
; |Datapath_pipelining              ; 146 (0)           ; 95 (0)       ; 0           ; 0            ; 0       ; 0         ; 27   ; 0            ; |Datapath_pipelining                                                                  ; work         ;
;    |CONTROLLER:inst|              ; 27 (0)            ; 4 (0)        ; 0           ; 0            ; 0       ; 0         ; 0    ; 0            ; |Datapath_pipelining|CONTROLLER:inst                                                  ; work         ;
;       |NEXT_STA:inst3|            ; 7 (7)             ; 0 (0)        ; 0           ; 0            ; 0       ; 0         ; 0    ; 0            ; |Datapath_pipelining|CONTROLLER:inst|NEXT_STA:inst3                                   ; work         ;
;       |OUTPUT_FUNCT:inst1|        ; 19 (19)           ; 0 (0)        ; 0           ; 0            ; 0       ; 0         ; 0    ; 0            ; |Datapath_pipelining|CONTROLLER:inst|OUTPUT_FUNCT:inst1                               ; work         ;
;       |REG:inst|                  ; 1 (1)             ; 4 (4)        ; 0           ; 0            ; 0       ; 0         ; 0    ; 0            ; |Datapath_pipelining|CONTROLLER:inst|REG:inst                                         ; work         ;
;    |Datapath:inst4|               ; 119 (49)          ; 91 (0)       ; 0           ; 0            ; 0       ; 0         ; 0    ; 0            ; |Datapath_pipelining|Datapath:inst4                                                   ; work         ;
;       |AU_1:inst21|               ; 30 (1)            ; 26 (26)      ; 0           ; 0            ; 0       ; 0         ; 0    ; 0            ; |Datapath_pipelining|Datapath:inst4|AU_1:inst21                                       ; work         ;
;          |MUX2-1_8bit:inst11|     ; 8 (0)             ; 0 (0)        ; 0           ; 0            ; 0       ; 0         ; 0    ; 0            ; |Datapath_pipelining|Datapath:inst4|AU_1:inst21|MUX2-1_8bit:inst11                    ; work         ;
;             |MUX2-1:inst11|       ; 1 (1)             ; 0 (0)        ; 0           ; 0            ; 0       ; 0         ; 0    ; 0            ; |Datapath_pipelining|Datapath:inst4|AU_1:inst21|MUX2-1_8bit:inst11|MUX2-1:inst11      ; work         ;
;             |MUX2-1:inst12|       ; 1 (1)             ; 0 (0)        ; 0           ; 0            ; 0       ; 0         ; 0    ; 0            ; |Datapath_pipelining|Datapath:inst4|AU_1:inst21|MUX2-1_8bit:inst11|MUX2-1:inst12      ; work         ;
;             |MUX2-1:inst13|       ; 1 (1)             ; 0 (0)        ; 0           ; 0            ; 0       ; 0         ; 0    ; 0            ; |Datapath_pipelining|Datapath:inst4|AU_1:inst21|MUX2-1_8bit:inst11|MUX2-1:inst13      ; work         ;
;             |MUX2-1:inst14|       ; 1 (1)             ; 0 (0)        ; 0           ; 0            ; 0       ; 0         ; 0    ; 0            ; |Datapath_pipelining|Datapath:inst4|AU_1:inst21|MUX2-1_8bit:inst11|MUX2-1:inst14      ; work         ;
;             |MUX2-1:inst15|       ; 1 (1)             ; 0 (0)        ; 0           ; 0            ; 0       ; 0         ; 0    ; 0            ; |Datapath_pipelining|Datapath:inst4|AU_1:inst21|MUX2-1_8bit:inst11|MUX2-1:inst15      ; work         ;
;             |MUX2-1:inst16|       ; 1 (1)             ; 0 (0)        ; 0           ; 0            ; 0       ; 0         ; 0    ; 0            ; |Datapath_pipelining|Datapath:inst4|AU_1:inst21|MUX2-1_8bit:inst11|MUX2-1:inst16      ; work         ;
;             |MUX2-1:inst17|       ; 1 (1)             ; 0 (0)        ; 0           ; 0            ; 0       ; 0         ; 0    ; 0            ; |Datapath_pipelining|Datapath:inst4|AU_1:inst21|MUX2-1_8bit:inst11|MUX2-1:inst17      ; work         ;
;             |MUX2-1:inst|         ; 1 (1)             ; 0 (0)        ; 0           ; 0            ; 0       ; 0         ; 0    ; 0            ; |Datapath_pipelining|Datapath:inst4|AU_1:inst21|MUX2-1_8bit:inst11|MUX2-1:inst        ; work         ;
;          |SUB_MODULE:inst|        ; 21 (4)            ; 0 (0)        ; 0           ; 0            ; 0       ; 0         ; 0    ; 0            ; |Datapath_pipelining|Datapath:inst4|AU_1:inst21|SUB_MODULE:inst                       ; work         ;
;             |Full_adder:inst2|    ; 1 (1)             ; 0 (0)        ; 0           ; 0            ; 0       ; 0         ; 0    ; 0            ; |Datapath_pipelining|Datapath:inst4|AU_1:inst21|SUB_MODULE:inst|Full_adder:inst2      ; work         ;
;             |Full_adder:inst3|    ; 2 (2)             ; 0 (0)        ; 0           ; 0            ; 0       ; 0         ; 0    ; 0            ; |Datapath_pipelining|Datapath:inst4|AU_1:inst21|SUB_MODULE:inst|Full_adder:inst3      ; work         ;
;             |Full_adder:inst4|    ; 5 (5)             ; 0 (0)        ; 0           ; 0            ; 0       ; 0         ; 0    ; 0            ; |Datapath_pipelining|Datapath:inst4|AU_1:inst21|SUB_MODULE:inst|Full_adder:inst4      ; work         ;
;             |Full_adder:inst5|    ; 1 (1)             ; 0 (0)        ; 0           ; 0            ; 0       ; 0         ; 0    ; 0            ; |Datapath_pipelining|Datapath:inst4|AU_1:inst21|SUB_MODULE:inst|Full_adder:inst5      ; work         ;
;             |Full_adder:inst6|    ; 2 (2)             ; 0 (0)        ; 0           ; 0            ; 0       ; 0         ; 0    ; 0            ; |Datapath_pipelining|Datapath:inst4|AU_1:inst21|SUB_MODULE:inst|Full_adder:inst6      ; work         ;
;             |Full_adder:inst7|    ; 2 (2)             ; 0 (0)        ; 0           ; 0            ; 0       ; 0         ; 0    ; 0            ; |Datapath_pipelining|Datapath:inst4|AU_1:inst21|SUB_MODULE:inst|Full_adder:inst7      ; work         ;
;             |Full_adder:inst8|    ; 2 (2)             ; 0 (0)        ; 0           ; 0            ; 0       ; 0         ; 0    ; 0            ; |Datapath_pipelining|Datapath:inst4|AU_1:inst21|SUB_MODULE:inst|Full_adder:inst8      ; work         ;
;             |Full_adder:inst|     ; 2 (2)             ; 0 (0)        ; 0           ; 0            ; 0       ; 0         ; 0    ; 0            ; |Datapath_pipelining|Datapath:inst4|AU_1:inst21|SUB_MODULE:inst|Full_adder:inst       ; work         ;
;       |AU_2:inst|                 ; 15 (0)            ; 26 (26)      ; 0           ; 0            ; 0       ; 0         ; 0    ; 0            ; |Datapath_pipelining|Datapath:inst4|AU_2:inst                                         ; work         ;
;          |ADD_or_SUB_MODULE:inst| ; 15 (0)            ; 0 (0)        ; 0           ; 0            ; 0       ; 0         ; 0    ; 0            ; |Datapath_pipelining|Datapath:inst4|AU_2:inst|ADD_or_SUB_MODULE:inst                  ; work         ;
;             |Full_adder:inst2|    ; 2 (2)             ; 0 (0)        ; 0           ; 0            ; 0       ; 0         ; 0    ; 0            ; |Datapath_pipelining|Datapath:inst4|AU_2:inst|ADD_or_SUB_MODULE:inst|Full_adder:inst2 ; work         ;
;             |Full_adder:inst3|    ; 2 (2)             ; 0 (0)        ; 0           ; 0            ; 0       ; 0         ; 0    ; 0            ; |Datapath_pipelining|Datapath:inst4|AU_2:inst|ADD_or_SUB_MODULE:inst|Full_adder:inst3 ; work         ;
;             |Full_adder:inst4|    ; 2 (2)             ; 0 (0)        ; 0           ; 0            ; 0       ; 0         ; 0    ; 0            ; |Datapath_pipelining|Datapath:inst4|AU_2:inst|ADD_or_SUB_MODULE:inst|Full_adder:inst4 ; work         ;
;             |Full_adder:inst5|    ; 2 (2)             ; 0 (0)        ; 0           ; 0            ; 0       ; 0         ; 0    ; 0            ; |Datapath_pipelining|Datapath:inst4|AU_2:inst|ADD_or_SUB_MODULE:inst|Full_adder:inst5 ; work         ;
;             |Full_adder:inst6|    ; 2 (2)             ; 0 (0)        ; 0           ; 0            ; 0       ; 0         ; 0    ; 0            ; |Datapath_pipelining|Datapath:inst4|AU_2:inst|ADD_or_SUB_MODULE:inst|Full_adder:inst6 ; work         ;
;             |Full_adder:inst7|    ; 2 (2)             ; 0 (0)        ; 0           ; 0            ; 0       ; 0         ; 0    ; 0            ; |Datapath_pipelining|Datapath:inst4|AU_2:inst|ADD_or_SUB_MODULE:inst|Full_adder:inst7 ; work         ;
;             |Full_adder:inst8|    ; 2 (2)             ; 0 (0)        ; 0           ; 0            ; 0       ; 0         ; 0    ; 0            ; |Datapath_pipelining|Datapath:inst4|AU_2:inst|ADD_or_SUB_MODULE:inst|Full_adder:inst8 ; work         ;
;             |Full_adder:inst|     ; 1 (1)             ; 0 (0)        ; 0           ; 0            ; 0       ; 0         ; 0    ; 0            ; |Datapath_pipelining|Datapath:inst4|AU_2:inst|ADD_or_SUB_MODULE:inst|Full_adder:inst  ; work         ;
;       |Register:R1|               ; 17 (0)            ; 8 (0)        ; 0           ; 0            ; 0       ; 0         ; 0    ; 0            ; |Datapath_pipelining|Datapath:inst4|Register:R1                                       ; work         ;
;          |Register_cell:inst1|    ; 2 (2)             ; 1 (1)        ; 0           ; 0            ; 0       ; 0         ; 0    ; 0            ; |Datapath_pipelining|Datapath:inst4|Register:R1|Register_cell:inst1                   ; work         ;
;          |Register_cell:inst2|    ; 2 (2)             ; 1 (1)        ; 0           ; 0            ; 0       ; 0         ; 0    ; 0            ; |Datapath_pipelining|Datapath:inst4|Register:R1|Register_cell:inst2                   ; work         ;
;          |Register_cell:inst3|    ; 2 (2)             ; 1 (1)        ; 0           ; 0            ; 0       ; 0         ; 0    ; 0            ; |Datapath_pipelining|Datapath:inst4|Register:R1|Register_cell:inst3                   ; work         ;
;          |Register_cell:inst4|    ; 2 (2)             ; 1 (1)        ; 0           ; 0            ; 0       ; 0         ; 0    ; 0            ; |Datapath_pipelining|Datapath:inst4|Register:R1|Register_cell:inst4                   ; work         ;
;          |Register_cell:inst5|    ; 2 (2)             ; 1 (1)        ; 0           ; 0            ; 0       ; 0         ; 0    ; 0            ; |Datapath_pipelining|Datapath:inst4|Register:R1|Register_cell:inst5                   ; work         ;
;          |Register_cell:inst6|    ; 2 (2)             ; 1 (1)        ; 0           ; 0            ; 0       ; 0         ; 0    ; 0            ; |Datapath_pipelining|Datapath:inst4|Register:R1|Register_cell:inst6                   ; work         ;
;          |Register_cell:inst7|    ; 2 (2)             ; 1 (1)        ; 0           ; 0            ; 0       ; 0         ; 0    ; 0            ; |Datapath_pipelining|Datapath:inst4|Register:R1|Register_cell:inst7                   ; work         ;
;          |Register_cell:inst|     ; 3 (3)             ; 1 (1)        ; 0           ; 0            ; 0       ; 0         ; 0    ; 0            ; |Datapath_pipelining|Datapath:inst4|Register:R1|Register_cell:inst                    ; work         ;
;       |Register:inst13|           ; 0 (0)             ; 8 (0)        ; 0           ; 0            ; 0       ; 0         ; 0    ; 0            ; |Datapath_pipelining|Datapath:inst4|Register:inst13                                   ; work         ;
;          |Register_cell:inst1|    ; 0 (0)             ; 1 (1)        ; 0           ; 0            ; 0       ; 0         ; 0    ; 0            ; |Datapath_pipelining|Datapath:inst4|Register:inst13|Register_cell:inst1               ; work         ;
;          |Register_cell:inst2|    ; 0 (0)             ; 1 (1)        ; 0           ; 0            ; 0       ; 0         ; 0    ; 0            ; |Datapath_pipelining|Datapath:inst4|Register:inst13|Register_cell:inst2               ; work         ;
;          |Register_cell:inst3|    ; 0 (0)             ; 1 (1)        ; 0           ; 0            ; 0       ; 0         ; 0    ; 0            ; |Datapath_pipelining|Datapath:inst4|Register:inst13|Register_cell:inst3               ; work         ;
;          |Register_cell:inst4|    ; 0 (0)             ; 1 (1)        ; 0           ; 0            ; 0       ; 0         ; 0    ; 0            ; |Datapath_pipelining|Datapath:inst4|Register:inst13|Register_cell:inst4               ; work         ;
;          |Register_cell:inst5|    ; 0 (0)             ; 1 (1)        ; 0           ; 0            ; 0       ; 0         ; 0    ; 0            ; |Datapath_pipelining|Datapath:inst4|Register:inst13|Register_cell:inst5               ; work         ;
;          |Register_cell:inst6|    ; 0 (0)             ; 1 (1)        ; 0           ; 0            ; 0       ; 0         ; 0    ; 0            ; |Datapath_pipelining|Datapath:inst4|Register:inst13|Register_cell:inst6               ; work         ;
;          |Register_cell:inst7|    ; 0 (0)             ; 1 (1)        ; 0           ; 0            ; 0       ; 0         ; 0    ; 0            ; |Datapath_pipelining|Datapath:inst4|Register:inst13|Register_cell:inst7               ; work         ;
;          |Register_cell:inst|     ; 0 (0)             ; 1 (1)        ; 0           ; 0            ; 0       ; 0         ; 0    ; 0            ; |Datapath_pipelining|Datapath:inst4|Register:inst13|Register_cell:inst                ; work         ;
;       |Register:inst14|           ; 0 (0)             ; 8 (0)        ; 0           ; 0            ; 0       ; 0         ; 0    ; 0            ; |Datapath_pipelining|Datapath:inst4|Register:inst14                                   ; work         ;
;          |Register_cell:inst1|    ; 0 (0)             ; 1 (1)        ; 0           ; 0            ; 0       ; 0         ; 0    ; 0            ; |Datapath_pipelining|Datapath:inst4|Register:inst14|Register_cell:inst1               ; work         ;
;          |Register_cell:inst2|    ; 0 (0)             ; 1 (1)        ; 0           ; 0            ; 0       ; 0         ; 0    ; 0            ; |Datapath_pipelining|Datapath:inst4|Register:inst14|Register_cell:inst2               ; work         ;
;          |Register_cell:inst3|    ; 0 (0)             ; 1 (1)        ; 0           ; 0            ; 0       ; 0         ; 0    ; 0            ; |Datapath_pipelining|Datapath:inst4|Register:inst14|Register_cell:inst3               ; work         ;
;          |Register_cell:inst4|    ; 0 (0)             ; 1 (1)        ; 0           ; 0            ; 0       ; 0         ; 0    ; 0            ; |Datapath_pipelining|Datapath:inst4|Register:inst14|Register_cell:inst4               ; work         ;
;          |Register_cell:inst5|    ; 0 (0)             ; 1 (1)        ; 0           ; 0            ; 0       ; 0         ; 0    ; 0            ; |Datapath_pipelining|Datapath:inst4|Register:inst14|Register_cell:inst5               ; work         ;
;          |Register_cell:inst6|    ; 0 (0)             ; 1 (1)        ; 0           ; 0            ; 0       ; 0         ; 0    ; 0            ; |Datapath_pipelining|Datapath:inst4|Register:inst14|Register_cell:inst6               ; work         ;
;          |Register_cell:inst7|    ; 0 (0)             ; 1 (1)        ; 0           ; 0            ; 0       ; 0         ; 0    ; 0            ; |Datapath_pipelining|Datapath:inst4|Register:inst14|Register_cell:inst7               ; work         ;
;          |Register_cell:inst|     ; 0 (0)             ; 1 (1)        ; 0           ; 0            ; 0       ; 0         ; 0    ; 0            ; |Datapath_pipelining|Datapath:inst4|Register:inst14|Register_cell:inst                ; work         ;
;       |Register:inst2|            ; 8 (0)             ; 8 (0)        ; 0           ; 0            ; 0       ; 0         ; 0    ; 0            ; |Datapath_pipelining|Datapath:inst4|Register:inst2                                    ; work         ;
;          |Register_cell:inst1|    ; 1 (1)             ; 1 (1)        ; 0           ; 0            ; 0       ; 0         ; 0    ; 0            ; |Datapath_pipelining|Datapath:inst4|Register:inst2|Register_cell:inst1                ; work         ;
;          |Register_cell:inst2|    ; 1 (1)             ; 1 (1)        ; 0           ; 0            ; 0       ; 0         ; 0    ; 0            ; |Datapath_pipelining|Datapath:inst4|Register:inst2|Register_cell:inst2                ; work         ;
;          |Register_cell:inst3|    ; 1 (1)             ; 1 (1)        ; 0           ; 0            ; 0       ; 0         ; 0    ; 0            ; |Datapath_pipelining|Datapath:inst4|Register:inst2|Register_cell:inst3                ; work         ;
;          |Register_cell:inst4|    ; 1 (1)             ; 1 (1)        ; 0           ; 0            ; 0       ; 0         ; 0    ; 0            ; |Datapath_pipelining|Datapath:inst4|Register:inst2|Register_cell:inst4                ; work         ;
;          |Register_cell:inst5|    ; 1 (1)             ; 1 (1)        ; 0           ; 0            ; 0       ; 0         ; 0    ; 0            ; |Datapath_pipelining|Datapath:inst4|Register:inst2|Register_cell:inst5                ; work         ;
;          |Register_cell:inst6|    ; 1 (1)             ; 1 (1)        ; 0           ; 0            ; 0       ; 0         ; 0    ; 0            ; |Datapath_pipelining|Datapath:inst4|Register:inst2|Register_cell:inst6                ; work         ;
;          |Register_cell:inst7|    ; 1 (1)             ; 1 (1)        ; 0           ; 0            ; 0       ; 0         ; 0    ; 0            ; |Datapath_pipelining|Datapath:inst4|Register:inst2|Register_cell:inst7                ; work         ;
;          |Register_cell:inst|     ; 1 (1)             ; 1 (1)        ; 0           ; 0            ; 0       ; 0         ; 0    ; 0            ; |Datapath_pipelining|Datapath:inst4|Register:inst2|Register_cell:inst                 ; work         ;
;       |Register:inst3|            ; 0 (0)             ; 7 (0)        ; 0           ; 0            ; 0       ; 0         ; 0    ; 0            ; |Datapath_pipelining|Datapath:inst4|Register:inst3                                    ; work         ;
;          |Register_cell:inst1|    ; 0 (0)             ; 1 (1)        ; 0           ; 0            ; 0       ; 0         ; 0    ; 0            ; |Datapath_pipelining|Datapath:inst4|Register:inst3|Register_cell:inst1                ; work         ;
;          |Register_cell:inst2|    ; 0 (0)             ; 1 (1)        ; 0           ; 0            ; 0       ; 0         ; 0    ; 0            ; |Datapath_pipelining|Datapath:inst4|Register:inst3|Register_cell:inst2                ; work         ;
;          |Register_cell:inst3|    ; 0 (0)             ; 1 (1)        ; 0           ; 0            ; 0       ; 0         ; 0    ; 0            ; |Datapath_pipelining|Datapath:inst4|Register:inst3|Register_cell:inst3                ; work         ;
;          |Register_cell:inst4|    ; 0 (0)             ; 1 (1)        ; 0           ; 0            ; 0       ; 0         ; 0    ; 0            ; |Datapath_pipelining|Datapath:inst4|Register:inst3|Register_cell:inst4                ; work         ;
;          |Register_cell:inst5|    ; 0 (0)             ; 1 (1)        ; 0           ; 0            ; 0       ; 0         ; 0    ; 0            ; |Datapath_pipelining|Datapath:inst4|Register:inst3|Register_cell:inst5                ; work         ;
;          |Register_cell:inst6|    ; 0 (0)             ; 1 (1)        ; 0           ; 0            ; 0       ; 0         ; 0    ; 0            ; |Datapath_pipelining|Datapath:inst4|Register:inst3|Register_cell:inst6                ; work         ;
;          |Register_cell:inst7|    ; 0 (0)             ; 1 (1)        ; 0           ; 0            ; 0       ; 0         ; 0    ; 0            ; |Datapath_pipelining|Datapath:inst4|Register:inst3|Register_cell:inst7                ; work         ;
+-----------------------------------+-------------------+--------------+-------------+--------------+---------+-----------+------+--------------+---------------------------------------------------------------------------------------+--------------+
Note: For table entries with two numbers listed, the numbers in parentheses indicate the number of resources of the given type used by the specific entity alone. The numbers listed outside of parentheses indicate the total resources of the given type used by the specific entity and all of its sub-entities in the hierarchy.


+-------------------------------------------------------------------------------------------------------+
; Registers Removed During Synthesis                                                                    ;
+-------------------------------------------------------+-----------------------------------------------+
; Register name                                         ; Reason for Removal                            ;
+-------------------------------------------------------+-----------------------------------------------+
; Datapath:inst4|AU_2:inst|inst9                        ; Merged with Datapath:inst4|AU_2:inst|inst5[7] ;
; Datapath:inst4|AU_1:inst21|inst4[7]                   ; Merged with Datapath:inst4|AU_1:inst21|inst8  ;
; Datapath:inst4|Register:inst3|Register_cell:inst|inst ; Stuck at GND due to stuck port data_in        ;
; Total Number of Removed Registers = 3                 ;                                               ;
+-------------------------------------------------------+-----------------------------------------------+


+------------------------------------------------------+
; General Register Statistics                          ;
+----------------------------------------------+-------+
; Statistic                                    ; Value ;
+----------------------------------------------+-------+
; Total registers                              ; 95    ;
; Number of registers using Synchronous Clear  ; 0     ;
; Number of registers using Synchronous Load   ; 9     ;
; Number of registers using Asynchronous Clear ; 0     ;
; Number of registers using Asynchronous Load  ; 0     ;
; Number of registers using Clock Enable       ; 39    ;
; Number of registers using Preset             ; 0     ;
+----------------------------------------------+-------+


+----------------------------------------------------------------------------------------------------------------------------------------------------------------------------------------------------+
; Multiplexer Restructuring Statistics (Restructuring Performed)                                                                                                                                     ;
+--------------------+-----------+---------------+----------------------+------------------------+------------+--------------------------------------------------------------------------------------+
; Multiplexer Inputs ; Bus Width ; Baseline Area ; Area if Restructured ; Saving if Restructured ; Registered ; Example Multiplexer Output                                                           ;
+--------------------+-----------+---------------+----------------------+------------------------+------------+--------------------------------------------------------------------------------------+
; 3:1                ; 8 bits    ; 16 LEs        ; 16 LEs               ; 0 LEs                  ; Yes        ; |Datapath_pipelining|Datapath:inst4|Register:inst2|Register_cell:inst7|inst          ;
; 3:1                ; 8 bits    ; 16 LEs        ; 16 LEs               ; 0 LEs                  ; Yes        ; |Datapath_pipelining|Datapath:inst4|Register:R1|Register_cell:inst2|inst             ;
; 3:1                ; 8 bits    ; 16 LEs        ; 16 LEs               ; 0 LEs                  ; No         ; |Datapath_pipelining|Datapath:inst4|AU_2:inst|MUX2-1_8bit:inst3|MUX2-1:inst14|inst2  ;
; 3:1                ; 8 bits    ; 16 LEs        ; 16 LEs               ; 0 LEs                  ; No         ; |Datapath_pipelining|Datapath:inst4|AU_1:inst21|MUX2-1_8bit:inst11|MUX2-1:inst|inst2 ;
+--------------------+-----------+---------------+----------------------+------------------------+------------+--------------------------------------------------------------------------------------+


+-------------------------------+
; Elapsed Time Per Partition    ;
+----------------+--------------+
; Partition Name ; Elapsed Time ;
+----------------+--------------+
; Top            ; 00:00:00     ;
+----------------+--------------+


+-------------------------------+
; Analysis & Synthesis Messages ;
+-------------------------------+
Info: *******************************************************************
Info: Running Quartus II 64-Bit Analysis & Synthesis
    Info: Version 13.0.1 Build 232 06/12/2013 Service Pack 1 SJ Web Edition
    Info: Processing started: Wed May 31 00:03:27 2023
Info: Command: quartus_map --read_settings_files=on --write_settings_files=off Datapath_pipelining -c Datapath_pipelining
Warning (20028): Parallel compilation is not licensed and has been disabled
Info (12021): Found 1 design units, including 1 entities, in source file full_adder.bdf
    Info (12023): Found entity 1: Full_adder
Info (12021): Found 1 design units, including 1 entities, in source file add_sub_module.bdf
    Info (12023): Found entity 1: ADD_SUB_module
Info (12021): Found 1 design units, including 1 entities, in source file mux2-1.bdf
    Info (12023): Found entity 1: MUX2-1
Info (12021): Found 1 design units, including 1 entities, in source file mux2-1_8bit.bdf
    Info (12023): Found entity 1: MUX2-1_8bit
Info (12021): Found 1 design units, including 1 entities, in source file au.bdf
    Info (12023): Found entity 1: AU
Info (12021): Found 1 design units, including 1 entities, in source file datapath.bdf
    Info (12023): Found entity 1: Datapath
Info (12021): Found 1 design units, including 1 entities, in source file register_cell.bdf
    Info (12023): Found entity 1: Register_cell
Info (12021): Found 1 design units, including 1 entities, in source file register.bdf
    Info (12023): Found entity 1: Register
Info (12021): Found 1 design units, including 1 entities, in source file tri_state_8bit.bdf
    Info (12023): Found entity 1: Tri_state_8bit
Info (12021): Found 1 design units, including 1 entities, in source file controller.bdf
    Info (12023): Found entity 1: CONTROLLER
Info (12021): Found 1 design units, including 1 entities, in source file shift_1.bdf
    Info (12023): Found entity 1: Shift_1
Info (12021): Found 1 design units, including 1 entities, in source file shift_3.bdf
    Info (12023): Found entity 1: Shift_3
Info (12021): Found 1 design units, including 1 entities, in source file counter.bdf
    Info (12023): Found entity 1: COUNTER
Info (12021): Found 1 design units, including 1 entities, in source file mux2-1_4bit.bdf
    Info (12023): Found entity 1: MUX2-1_4BIT
Info (12021): Found 1 design units, including 1 entities, in source file sub_module.bdf
    Info (12023): Found entity 1: SUB_MODULE
Info (12021): Found 1 design units, including 1 entities, in source file au_1.bdf
    Info (12023): Found entity 1: AU_1
Info (12021): Found 1 design units, including 1 entities, in source file add_or_sub_module.bdf
    Info (12023): Found entity 1: ADD_or_SUB_MODULE
Info (12021): Found 1 design units, including 1 entities, in source file au_@.bdf
    Info (12023): Found entity 1: AU_@
Info (12021): Found 1 design units, including 1 entities, in source file au_2.bdf
    Info (12023): Found entity 1: AU_2
Info (12021): Found 1 design units, including 1 entities, in source file next_sta.bdf
    Info (12023): Found entity 1: NEXT_STA
Info (12021): Found 1 design units, including 1 entities, in source file output_funct.bdf
    Info (12023): Found entity 1: OUTPUT_FUNCT
Info (12021): Found 1 design units, including 1 entities, in source file datapath_pipelining.bdf
    Info (12023): Found entity 1: Datapath_pipelining
Info (12127): Elaborating entity "Datapath_pipelining" for the top level hierarchy
Info (12128): Elaborating entity "Datapath" for hierarchy "Datapath:inst4"
Info (12128): Elaborating entity "Shift_3" for hierarchy "Datapath:inst4|Shift_3:inst8"
Info (12128): Elaborating entity "AU_1" for hierarchy "Datapath:inst4|AU_1:inst21"
Info (12128): Elaborating entity "MUX2-1_8bit" for hierarchy "Datapath:inst4|AU_1:inst21|MUX2-1_8bit:inst11"
Info (12128): Elaborating entity "MUX2-1" for hierarchy "Datapath:inst4|AU_1:inst21|MUX2-1_8bit:inst11|MUX2-1:inst14"
Info (12128): Elaborating entity "SUB_MODULE" for hierarchy "Datapath:inst4|AU_1:inst21|SUB_MODULE:inst"
Info (12128): Elaborating entity "Full_adder" for hierarchy "Datapath:inst4|AU_1:inst21|SUB_MODULE:inst|Full_adder:inst2"
Info (12128): Elaborating entity "Register" for hierarchy "Datapath:inst4|Register:R1"
Info (12128): Elaborating entity "Register_cell" for hierarchy "Datapath:inst4|Register:R1|Register_cell:inst7"
Info (12128): Elaborating entity "AU_2" for hierarchy "Datapath:inst4|AU_2:inst"
Info (12128): Elaborating entity "ADD_or_SUB_MODULE" for hierarchy "Datapath:inst4|AU_2:inst|ADD_or_SUB_MODULE:inst"
Info (12128): Elaborating entity "Shift_1" for hierarchy "Datapath:inst4|Shift_1:inst1"
Info (12128): Elaborating entity "CONTROLLER" for hierarchy "CONTROLLER:inst"
Info (12128): Elaborating entity "OUTPUT_FUNCT" for hierarchy "CONTROLLER:inst|OUTPUT_FUNCT:inst1"
Warning (12125): Using design file reg.bdf, which is not specified as a design file for the current project, but contains definitions for 1 design units and 1 entities in project
    Info (12023): Found entity 1: REG
Info (12128): Elaborating entity "REG" for hierarchy "CONTROLLER:inst|REG:inst"
Info (12128): Elaborating entity "NEXT_STA" for hierarchy "CONTROLLER:inst|NEXT_STA:inst3"
Warning (13046): Tri-state node(s) do not directly drive top-level pin(s)
    Warning (13048): Converted tri-state node feeding "Datapath:inst4|Register:R1|Register_cell:inst|inst3" into a selector
    Warning (13048): Converted tri-state node feeding "Datapath:inst4|Register:R1|Register_cell:inst1|inst3" into a selector
    Warning (13048): Converted tri-state node feeding "Datapath:inst4|Register:R1|Register_cell:inst2|inst3" into a selector
    Warning (13048): Converted tri-state node feeding "Datapath:inst4|Register:R1|Register_cell:inst3|inst3" into a selector
    Warning (13048): Converted tri-state node feeding "Datapath:inst4|Register:R1|Register_cell:inst4|inst3" into a selector
    Warning (13048): Converted tri-state node feeding "Datapath:inst4|Register:R1|Register_cell:inst5|inst3" into a selector
    Warning (13048): Converted tri-state node feeding "Datapath:inst4|Register:R1|Register_cell:inst6|inst3" into a selector
    Warning (13048): Converted tri-state node feeding "Datapath:inst4|Register:R1|Register_cell:inst7|inst3" into a selector
    Warning (13048): Converted tri-state node feeding "Datapath:inst4|Register:inst2|Register_cell:inst|inst3" into a selector
    Warning (13048): Converted tri-state node feeding "Datapath:inst4|Register:inst2|Register_cell:inst1|inst3" into a selector
    Warning (13048): Converted tri-state node feeding "Datapath:inst4|Register:inst2|Register_cell:inst2|inst3" into a selector
    Warning (13048): Converted tri-state node feeding "Datapath:inst4|Register:inst2|Register_cell:inst3|inst3" into a selector
    Warning (13048): Converted tri-state node feeding "Datapath:inst4|Register:inst2|Register_cell:inst4|inst3" into a selector
    Warning (13048): Converted tri-state node feeding "Datapath:inst4|Register:inst2|Register_cell:inst5|inst3" into a selector
    Warning (13048): Converted tri-state node feeding "Datapath:inst4|Register:inst2|Register_cell:inst6|inst3" into a selector
    Warning (13048): Converted tri-state node feeding "Datapath:inst4|Register:inst2|Register_cell:inst7|inst3" into a selector
    Warning (13049): Converted tri-state buffer "Datapath:inst4|Register:inst14|Register_cell:inst|inst6" feeding internal logic into a wire
    Warning (13049): Converted tri-state buffer "Datapath:inst4|Register:inst14|Register_cell:inst1|inst6" feeding internal logic into a wire
    Warning (13049): Converted tri-state buffer "Datapath:inst4|Register:inst14|Register_cell:inst2|inst6" feeding internal logic into a wire
    Warning (13049): Converted tri-state buffer "Datapath:inst4|Register:inst14|Register_cell:inst3|inst6" feeding internal logic into a wire
    Warning (13049): Converted tri-state buffer "Datapath:inst4|Register:inst14|Register_cell:inst4|inst6" feeding internal logic into a wire
    Warning (13049): Converted tri-state buffer "Datapath:inst4|Register:inst14|Register_cell:inst5|inst6" feeding internal logic into a wire
    Warning (13049): Converted tri-state buffer "Datapath:inst4|Register:inst14|Register_cell:inst6|inst6" feeding internal logic into a wire
    Warning (13049): Converted tri-state buffer "Datapath:inst4|Register:inst14|Register_cell:inst7|inst6" feeding internal logic into a wire
    Warning (13049): Converted tri-state buffer "Datapath:inst4|Shift_1:inst1|inst" feeding internal logic into a wire
    Warning (13049): Converted tri-state buffer "Datapath:inst4|Shift_1:inst1|inst2" feeding internal logic into a wire
    Warning (13049): Converted tri-state buffer "Datapath:inst4|Shift_1:inst1|inst4" feeding internal logic into a wire
    Warning (13049): Converted tri-state buffer "Datapath:inst4|Shift_1:inst1|inst3" feeding internal logic into a wire
    Warning (13049): Converted tri-state buffer "Datapath:inst4|Shift_1:inst1|inst5" feeding internal logic into a wire
    Warning (13049): Converted tri-state buffer "Datapath:inst4|Shift_1:inst1|inst6" feeding internal logic into a wire
    Warning (13049): Converted tri-state buffer "Datapath:inst4|Shift_1:inst1|inst7" feeding internal logic into a wire
    Warning (13049): Converted tri-state buffer "Datapath:inst4|Shift_1:inst1|inst8" feeding internal logic into a wire
Warning (13046): Tri-state node(s) do not directly drive top-level pin(s)
    Warning (13047): Converted the fan-out from the tri-state buffer "Datapath:inst4|Register:R1|Register_cell:inst|inst6" to the node "Datapath:inst4|AU_1:inst21|inst6[7]" into an OR gate
    Warning (13047): Converted the fan-out from the tri-state buffer "Datapath:inst4|Register:R1|Register_cell:inst7|inst6" to the node "Datapath:inst4|AU_1:inst21|inst6[0]" into an OR gate
    Warning (13047): Converted the fan-out from the tri-state buffer "Datapath:inst4|Register:R1|Register_cell:inst6|inst6" to the node "Datapath:inst4|AU_1:inst21|inst6[1]" into an OR gate
    Warning (13047): Converted the fan-out from the tri-state buffer "Datapath:inst4|Register:R1|Register_cell:inst5|inst6" to the node "Datapath:inst4|AU_1:inst21|inst6[2]" into an OR gate
    Warning (13047): Converted the fan-out from the tri-state buffer "Datapath:inst4|Register:R1|Register_cell:inst4|inst6" to the node "Datapath:inst4|AU_1:inst21|inst6[3]" into an OR gate
    Warning (13047): Converted the fan-out from the tri-state buffer "Datapath:inst4|Register:R1|Register_cell:inst3|inst6" to the node "Datapath:inst4|AU_1:inst21|inst6[4]" into an OR gate
    Warning (13047): Converted the fan-out from the tri-state buffer "Datapath:inst4|Register:R1|Register_cell:inst2|inst6" to the node "Datapath:inst4|AU_1:inst21|inst6[5]" into an OR gate
    Warning (13047): Converted the fan-out from the tri-state buffer "Datapath:inst4|Register:R1|Register_cell:inst1|inst6" to the node "Datapath:inst4|AU_1:inst21|inst6[6]" into an OR gate
Warning (13046): Tri-state node(s) do not directly drive top-level pin(s)
    Warning (13047): Converted the fan-out from the tri-state buffer "Datapath:inst4|inst15[7]" to the node "Datapath:inst4|AU_2:inst|inst7[7]" into an OR gate
    Warning (13047): Converted the fan-out from the tri-state buffer "Datapath:inst4|inst15[0]" to the node "Datapath:inst4|AU_2:inst|inst7[0]" into an OR gate
    Warning (13047): Converted the fan-out from the tri-state buffer "Datapath:inst4|inst15[1]" to the node "Datapath:inst4|AU_2:inst|inst7[1]" into an OR gate
    Warning (13047): Converted the fan-out from the tri-state buffer "Datapath:inst4|inst15[2]" to the node "Datapath:inst4|AU_2:inst|inst7[2]" into an OR gate
    Warning (13047): Converted the fan-out from the tri-state buffer "Datapath:inst4|inst15[3]" to the node "Datapath:inst4|AU_2:inst|inst7[3]" into an OR gate
    Warning (13047): Converted the fan-out from the tri-state buffer "Datapath:inst4|inst15[4]" to the node "Datapath:inst4|AU_2:inst|inst7[4]" into an OR gate
    Warning (13047): Converted the fan-out from the tri-state buffer "Datapath:inst4|inst15[5]" to the node "Datapath:inst4|AU_2:inst|inst7[5]" into an OR gate
    Warning (13047): Converted the fan-out from the tri-state buffer "Datapath:inst4|inst15[6]" to the node "Datapath:inst4|AU_2:inst|inst7[6]" into an OR gate
    Warning (13047): Converted the fan-out from the tri-state buffer "Datapath:inst4|inst4[7]" to the node "Datapath:inst4|AU_1:inst21|inst10[7]" into an OR gate
    Warning (13047): Converted the fan-out from the tri-state buffer "Datapath:inst4|inst4[6]" to the node "Datapath:inst4|AU_1:inst21|inst10[6]" into an OR gate
    Warning (13047): Converted the fan-out from the tri-state buffer "Datapath:inst4|inst4[5]" to the node "Datapath:inst4|AU_1:inst21|inst10[5]" into an OR gate
    Warning (13047): Converted the fan-out from the tri-state buffer "Datapath:inst4|inst4[4]" to the node "Datapath:inst4|AU_1:inst21|inst10[4]" into an OR gate
    Warning (13047): Converted the fan-out from the tri-state buffer "Datapath:inst4|inst4[3]" to the node "Datapath:inst4|AU_1:inst21|inst10[3]" into an OR gate
    Warning (13047): Converted the fan-out from the tri-state buffer "Datapath:inst4|inst4[2]" to the node "Datapath:inst4|AU_1:inst21|inst10[2]" into an OR gate
    Warning (13047): Converted the fan-out from the tri-state buffer "Datapath:inst4|inst4[1]" to the node "Datapath:inst4|AU_1:inst21|inst10[1]" into an OR gate
    Warning (13047): Converted the fan-out from the tri-state buffer "Datapath:inst4|inst4[0]" to the node "Datapath:inst4|AU_1:inst21|inst10[0]" into an OR gate
    Warning (13047): Converted the fan-out from the tri-state buffer "Datapath:inst4|inst18[7]" to the node "Datapath:inst4|Register:inst14|Register_cell:inst|inst" into an OR gate
    Warning (13047): Converted the fan-out from the tri-state buffer "Datapath:inst4|inst18[6]" to the node "Datapath:inst4|Register:inst14|Register_cell:inst1|inst" into an OR gate
    Warning (13047): Converted the fan-out from the tri-state buffer "Datapath:inst4|inst18[5]" to the node "Datapath:inst4|Register:inst14|Register_cell:inst2|inst" into an OR gate
    Warning (13047): Converted the fan-out from the tri-state buffer "Datapath:inst4|inst18[4]" to the node "Datapath:inst4|Register:inst14|Register_cell:inst3|inst" into an OR gate
    Warning (13047): Converted the fan-out from the tri-state buffer "Datapath:inst4|inst18[3]" to the node "Datapath:inst4|Register:inst14|Register_cell:inst4|inst" into an OR gate
    Warning (13047): Converted the fan-out from the tri-state buffer "Datapath:inst4|inst18[2]" to the node "Datapath:inst4|Register:inst14|Register_cell:inst5|inst" into an OR gate
    Warning (13047): Converted the fan-out from the tri-state buffer "Datapath:inst4|inst18[1]" to the node "Datapath:inst4|Register:inst14|Register_cell:inst6|inst" into an OR gate
    Warning (13047): Converted the fan-out from the tri-state buffer "Datapath:inst4|inst18[0]" to the node "Datapath:inst4|Register:inst14|Register_cell:inst7|inst" into an OR gate
Info (16010): Generating hard_block partition "hard_block:auto_generated_inst"
    Info (16011): Adding 0 node(s), including 0 DDIO, 0 PLL, 0 transceiver and 0 LCELL
Info (21057): Implemented 225 device resources after synthesis - the final resource count might be different
    Info (21058): Implemented 18 input pins
    Info (21059): Implemented 9 output pins
    Info (21061): Implemented 198 logic cells
Info: Quartus II 64-Bit Analysis & Synthesis was successful. 0 errors, 69 warnings
    Info: Peak virtual memory: 4601 megabytes
    Info: Processing ended: Wed May 31 00:03:29 2023
    Info: Elapsed time: 00:00:02
    Info: Total CPU time (on all processors): 00:00:01


